Resolving dependencies...
Downloading packages...
  _fe_analyzer_shared 93.0.0 (94.0.0 available)
  analyzer 10.0.1 (10.0.2 available)
  archive 3.6.1 (4.0.9 available)
  build_runner 2.11.0 (2.11.1 available)
  characters 1.4.0 (1.4.1 available)
  csv 6.0.0 (7.1.0 available)
  ffi 2.1.5 (2.2.0 available)
  fl_chart 0.70.2 (1.1.1 available)
  flutter_lints 5.0.0 (6.0.0 available)
  flutter_local_notifications 18.0.1 (20.1.0 available)
  flutter_local_notifications_linux 5.0.0 (7.0.0 available)
  flutter_local_notifications_platform_interface 8.0.0 (10.0.0 available)
  flutter_riverpod 2.6.1 (3.2.1 available)
  go_router 14.8.1 (17.1.0 available)
  google_fonts 6.3.3 (8.0.1 available)
  google_mlkit_commons 0.8.1 (0.11.1 available)
  google_mlkit_text_recognition 0.13.1 (0.15.1 available)
  googleapis 13.2.0 (16.0.0 available)
  googleapis_auth 1.6.0 (2.0.0 available)
  lints 5.1.1 (6.1.0 available)
  matcher 0.12.17 (0.12.18 available)
  material_color_utilities 0.11.1 (0.13.0 available)
  meta 1.17.0 (1.18.1 available)
  permission_handler 11.4.0 (12.0.1 available)
  permission_handler_android 12.1.0 (13.0.1 available)
  petitparser 7.0.1 (7.0.2 available)
  pointycastle 3.9.1 (4.0.0 available)
  riverpod 2.6.1 (3.2.1 available)
  share_plus 10.1.4 (12.0.1 available)
  share_plus_platform_interface 5.0.2 (6.1.0 available)
  sqlite3 2.9.4 (3.1.6 available)
  sqlite3_flutter_libs 0.5.41 (0.6.0+eol available)
  test_api 0.7.7 (0.7.9 available)
  timezone 0.10.1 (0.11.0 available)
  url_launcher_ios 6.4.0 (6.4.1 available)
Got dependencies!
35 packages have newer versions incompatible with dependency constraints.
Try `flutter pub outdated` for more information.
00:00 +0: loading D:/Proyectos_Flutter/Aplicativo_Gastos/test/legacy_import_test.dart
flutter : 
test/legacy_import_test.dart:14:22: 
Error: Member not found: 
'AppDatabase.forTesting'.
En línea: 1 Carácter: 1
+ flutter test 
test/legacy_import_test.dart > 
test_output.txt 2>&1
+ ~~~~~~~~~~~~~~~~~~~~~~~~~~~~~~~~~~~~~~
~~~~~~~~~~~~~~~~~~~~~~~~~~
    + CategoryInfo          : NotSpecif 
   ied: (test/legacy_imp...se.forTesti  
  ng'.:String) [], RemoteException
    + FullyQualifiedErrorId : NativeCom 
   mandError
 
    db = AppDatabase.forTesting(NativeDa
tabase.memory());
                     ^^^^^^^^^^
lib/data/services/legacy_import_service.
dart:95:9: Error: No named parameter 
with the name 'updatedAt'.
        updatedAt: DateTime.now(),
        ^^^^^^^^^
lib/data/database/drift_database.g.dart:
2143:3: Context: Found this candidate, 
but the arguments don't match.
  CategoriesCompanion.insert({
  ^^^^^^^^^^^^^^^^^^^^^^^^^^
00:00 +0 -1: loading D:/Proyectos_Flutter/Aplicativo_Gastos/test/legacy_import_test.dart [E]
  Failed to load "D:/Proyectos_Flutter/Aplicativo_Gastos/test/legacy_import_test.dart":
  Compilation failed for testPath=D:/Proyectos_Flutter/Aplicativo_Gastos/test/legacy_import_test.dart: test/legacy_import_test.dart:14:22: Error: Member not found: 'AppDatabase.forTesting'.
      db = AppDatabase.forTesting(NativeDatabase.memory());
                       ^^^^^^^^^^
  lib/data/services/legacy_import_service.dart:95:9: Error: No named parameter with the name 'updatedAt'.
          updatedAt: DateTime.now(),
          ^^^^^^^^^
  lib/data/database/drift_database.g.dart:2143:3: Context: Found this candidate, but the arguments don't match.
    CategoriesCompanion.insert({
    ^^^^^^^^^^^^^^^^^^^^^^^^^^
  .
00:00 +0 -1: Some tests failed.
